[www.ashleymadison.com/es-mx/indexbc76.html]
[backblue.gif]
[fade.gif]
[index.html]
[lander-cdn.ashleymadison.com/frontend-landers/images/mainLanderAshleyMadison/pink-favicon.png]
[www.ashleymadison.com/es-mx/images/mainLanderAshleyMadison/5fa5bb5b5908bde542cdd005_hero_desktop.jpg]
[lander-cdn.ashleymadison.com/cdn-cgi/image/width=425,height=500,fit=crop,format=auto,quality=100/frontend-landers/images/mainLanderAshleyMadison/mobile_hero_v4.jpg]
[www.ashleymadison.com/es-mx/index.html]
[lander-cdn.ashleymadison.com/cdn-cgi/image/width=768,height=500,fit=crop,format=auto,quality=100/frontend-landers/images/mainLanderAshleyMadison/mobile_hero_v4.jpg]
[lander-cdn.ashleymadison.com/cdn-cgi/image/width=1024,height=889,fit=crop,format=auto,quality=100/frontend-landers/images/mainLanderAshleyMadison/mobile_hero_v4.jpg]
[lander-cdn.ashleymadison.com/cdn-cgi/image/width=2500,format=auto,quality=75/frontend-landers/images/mainLanderAshleyMadison/5fa5bb5b5908bde542cdd005_hero_desktop.jpg]
[www.ashleymadison.com/ruxitagentjs_ICA27Vfhjqrux_10239220408103229.js]
[lander-cdn.ashleymadison.com/frontend-landers/_next/static/chunks/polyfills-5cd94c89d3acac5f.js]
[lander-cdn.ashleymadison.com/frontend-landers/_next/static/chunks/781.b392436a29a0e568.js]
[lander-cdn.ashleymadison.com/frontend-landers/_next/static/chunks/930.910df00b9808255c.js]
[lander-cdn.ashleymadison.com/frontend-landers/_next/static/chunks/346.971f7b2849f51451.js]
[lander-cdn.ashleymadison.com/frontend-landers/_next/static/chunks/webpack-e95e75a73a9eb137.js]
[lander-cdn.ashleymadison.com/frontend-landers/_next/static/chunks/framework-5f4595e5518b5600.js]
[lander-cdn.ashleymadison.com/frontend-landers/_next/static/chunks/main-d9fd72178f6112ab.js]
[lander-cdn.ashleymadison.com/frontend-landers/_next/static/chunks/pages/_app-9c8c5b10028379d4.js]
[lander-cdn.ashleymadison.com/frontend-landers/_next/static/chunks/287-2cbc2156b5909382.js]
[lander-cdn.ashleymadison.com/frontend-landers/_next/static/chunks/pages/[domain]/[locale]/[slug]-fe77abd0699d4b3d.js]
[lander-cdn.ashleymadison.com/frontend-landers/_next/static/qwwMt3-sfQrHE2yUSj5Aa/_buildManifest.js]
[lander-cdn.ashleymadison.com/frontend-landers/_next/static/qwwMt3-sfQrHE2yUSj5Aa/_ssgManifest.js]
[lander-cdn.ashleymadison.com/frontend-landers/_next/static/qwwMt3-sfQrHE2yUSj5Aa/_middlewareManifest.js]
[lander-cdn.ashleymadison.com/cdn-cgi/image/width=325,height=500,fit=crop,format=auto,quality=100/frontend-landers/images/mainLanderAshleyMadison/mobile_hero_v4.jpg]
[lander-cdn.ashleymadison.com/cdn-cgi/image/width=120,height=35,fit=crop,format=auto,quality=75/frontend-landers/images/mainLanderAshleyMadison/apple-store_es_ES.320f7bb9.png]
[lander-cdn.ashleymadison.com/cdn-cgi/image/width=120,height=35,fit=crop,format=auto,quality=75/frontend-landers/images/mainLanderAshleyMadison/android-store_es_ES.59e748f9.png]
[lander-cdn.ashleymadison.com/cdn-cgi/image/width=1024,quality=75,fit=crop,format=auto/frontend-landers/images/mainLanderAshleyMadison/am_sec1_phone.jpg]
[lander-cdn.ashleymadison.com/cdn-cgi/image/width=1024,quality=75,fit=crop,format=auto/frontend-landers/images/mainLanderAshleyMadison/tile_1.jpg]
[lander-cdn.ashleymadison.com/cdn-cgi/image/width=1024,quality=75,fit=crop,format=auto/frontend-landers/images/mainLanderAshleyMadison/tile_2.jpg]
[lander-cdn.ashleymadison.com/cdn-cgi/image/width=1024,quality=75,fit=crop,format=auto/frontend-landers/images/mainLanderAshleyMadison/5fa6e6a69ad1b4cd006d2149_tile_3_b.jpg]
[lander-cdn.ashleymadison.com/cdn-cgi/image/width=384,quality=75,fit=crop,format=auto/frontend-landers/images/mainLanderAshleyMadison/5fa6dbca412e152afb5ae563_profile_1.jpg]
[lander-cdn.ashleymadison.com/cdn-cgi/image/width=1024,quality=75,fit=crop,format=auto/frontend-landers/images/mainLanderAshleyMadison/am_phones.jpg]
[www.ashleymadison.com/es-mx/indexbc76.html]
[www.ashleymadison.com/es-mx/images/mainLanderAshleyMadison/5fa5bb5b5908bde542cdd005_hero_desktop.html]
[www.ashleymadison.com/es-mx/index.html]
[www.ashleymadison.com/es-mx/login/index406e.html]
[www.ashleymadison.com/es-mx/login/index.html]
[static-cdn.ashleymadison.com/v4/build/vendor/bootstrap.5ba37ad9.css]
[static-cdn.ashleymadison.com/v4/build/vendor/bootstrap-select.min.ed10b6a8.css]
[static-cdn.ashleymadison.com/v4/build/css/main.0cf128a0.css]
[static-cdn.ashleymadison.com/v4/build/css/theme-public.fc737664.css]
[static-cdn.ashleymadison.com/v4/build/css/site-public.16722240.css]
[static-cdn.ashleymadison.com/v4/fonts/material-icons/material-icons.css]
[static-cdn.ashleymadison.com/v4/build/vendor/jquery-1.11.3.min.f03e5a3b.js]
[static-cdn.ashleymadison.com/v4/build/bower_components/jquery.cookie.1e3faa7f.js]
[static-cdn.ashleymadison.com/v4/build/vendor/bootstrap.min.c5b5b2fa.js]
[static-cdn.ashleymadison.com/v4/build/vendor/bootstrap-select.min.ca17eaad.js]
[static-cdn.ashleymadison.com/v4/build/js/countrylangselector_v5.d568ba9a.js]
[static-cdn.ashleymadison.com/v4/build/js/track.c7505c05.js]
[www.google.com/recaptcha/api7554.js]
[www.ashleymadison.com/es-mx/login/index.html]
[static-cdn.ashleymadison.com/v4/build/vendor/bootstrap.5ba37ad9.css]
[static-cdn.ashleymadison.com/v4/build/vendor/bootstrap-select.min.ed10b6a8.css]
[static-cdn.ashleymadison.com/v4/build/images/traveling_icon.1d91bceb.png]
[static-cdn.ashleymadison.com/v4/build/images/rtl_traveling_icon.79bcda82.png]
[static-cdn.ashleymadison.com/v4/build/images/womanprofile_badge.e8301874.png]
[static-cdn.ashleymadison.com/v4/build/images/rtl_womanprofile_badge.5c48ac3b.png]
[static-cdn.ashleymadison.com/v4/build/images/fantasy_icon.f42d8af7.png]
[static-cdn.ashleymadison.com/v4/build/images/connect_desktop_icon.00b50791.png]
[static-cdn.ashleymadison.com/v4/build/images/connect_desktop_banner_icon_white.fe190d44.png]
[static-cdn.ashleymadison.com/v4/build/images/sprite_icons.e04fb34b.png]
[static-cdn.ashleymadison.com/v4/build/images/sprite_payment.fd0f0ef5.png]
[static-cdn.ashleymadison.com/v4/build/images/sprite_tinyflags.495dcd98.gif]
[static-cdn.ashleymadison.com/v4/build/images/key.fe355953.png]
[static-cdn.ashleymadison.com/v4/build/images/keyrtl.8aace0d9.png]
[static-cdn.ashleymadison.com/v4/build/css/main.0cf128a0.css]
[static-cdn.ashleymadison.com/v4/build/images/bg_lostlogin.b3719797.jpg]
[static-cdn.ashleymadison.com/v4/build/images/login_shush.f1082947.jpg]
[static-cdn.ashleymadison.com/v4/build/css/theme-public.fc737664.css]
[static-cdn.ashleymadison.com/v4/build/images/faq.7b943bb4.jpg]
[static-cdn.ashleymadison.com/v4/build/images/oldshush_mobile.dc766d42.jpg]
[static-cdn.ashleymadison.com/v4/build/images/oldshush_mobile-flip.0996f2f0.jpg]
[static-cdn.ashleymadison.com/v4/build/images/oldshush_desktop.b31aed05.jpg]
[static-cdn.ashleymadison.com/v4/build/images/oldshush_desktop-flip.14138a67.jpg]
[static-cdn.ashleymadison.com/v4/build/css/site-public.16722240.css]
[static-cdn.ashleymadison.com/v4/fonts/material-icons/MaterialIcons-Regular.eot]
[static-cdn.ashleymadison.com/v4/fonts/material-icons/MaterialIcons-Regular.woff2]
[static-cdn.ashleymadison.com/v4/fonts/material-icons/MaterialIcons-Regular.woff]
[static-cdn.ashleymadison.com/v4/fonts/material-icons/MaterialIcons-Regular.ttf]
[static-cdn.ashleymadison.com/v4/fonts/material-icons/material-icons.css]
